// Jest Snapshot v1, https://goo.gl/fbAQLP

exports[`renders correctly 1`] = `
<section
  className="preview-section"
>
  <div
    className="preview"
  >
    <canvas
      className="preview__canvas"
      height="128"
      id="preview-canvas"
      width="128"
    />
    <button
      className="preview__fullscreen-button"
      onClick={[Function]}
      type="button"
    >
      <i
        className="fas fa-expand"
      />
    </button>
    <div
      className="fps-control"
    >
      <label
        htmlFor="fps-control__input"
      >
        <span
          className="fps-control__label"
        >
          FPS: 
          NaN
        </span>
        <input
          className="fps-control__input"
          defaultValue="12"
          id="fps-control__input"
          max="24"
          min="1"
          name="volume"
          onInput={[Function]}
          step="1"
          type="range"
        />
      </label>
    </div>
    <form
      className="canvas-size-controls"
      name="canvas-size-controls"
    >
      <label
        htmlFor="canvas-32"
      >
        32
        <input
          id="canvas-32"
          name="radio"
          onChange={[Function]}
          type="radio"
          value="32"
        />
      </label>
      <label
        htmlFor="canvas-64"
      >
        64
        <input
          defaultChecked={true}
          id="canvas-64"
          name="radio"
          onChange={[Function]}
          type="radio"
          value="64"
        />
      </label>
      <label
        htmlFor="canvas-128"
      >
        128
        <input
          id="canvas-128"
          name="radio"
          onChange={[Function]}
          type="radio"
          value="128"
        />
      </label>
    </form>
  </div>
</section>
`;
