// Jest Snapshot v1, https://goo.gl/fbAQLP

exports[`renders correctly 1`] = `
Array [
  <div
    className="navbar"
  >
    <nav
      className="navbar__content"
    >
      <h1
        className="navbar__logo"
      >
        <a
          href="/"
        >
          <img
            alt="Pixl logo"
            src="test-file-stub"
          />
          <span>
            Pixl!
          </span>
        </a>
      </h1>
      <button
        className="navbar__sign-in-button"
        type="button"
      >
        <span>
          Sign in
        </span>
      </button>
    </nav>
  </div>,
  <main
    className="main"
  >
    <section
      className="tools-section"
    >
      <h2
        className="visually-hidden"
      >
        Tools Section
      </h2>
      <div
        className="tools"
      >
        <button
          className="tools__pen tools_state_active"
          data-listener="true"
          id="pen"
          onClick={[Function]}
          onKeyDown={[Function]}
          type="button"
        >
          <i
            className="fas fa-pen"
          />
        </button>
        <button
          className="tools__paint-bucket"
          data-listener="true"
          id="paint-bucket"
          onClick={[Function]}
          onKeyDown={[Function]}
          type="button"
        >
          <i
            className="fas fa-fill-drip"
          />
        </button>
        <button
          className="tools__choose-color"
          data-listener="true"
          id="choose-color"
          onClick={[Function]}
          onKeyDown={[Function]}
          type="button"
        >
          <i
            className="fas fa-eye-dropper"
          />
        </button>
        <button
          className="tools__eraser"
          data-listener="true"
          id="eraser"
          onClick={[Function]}
          onKeyDown={[Function]}
          type="button"
        >
          <i
            className="fas fa-eraser"
          />
        </button>
      </div>
    </section>
    <section
      className="canvas-section"
    >
      <canvas
        className="canvas-section__canvas"
        height={512}
        id="canvas"
        onMouseDown={[Function]}
        onMouseLeave={[Function]}
        onMouseMove={[Function]}
        onMouseUp={[Function]}
        width={512}
      />
    </section>
    <section
      className="preview-section"
    >
      <div
        className="preview"
      >
        <canvas
          className="preview__canvas"
          height="150"
          id="preview-canvas"
          width="150"
        />
        <button
          className="preview__fullscreen-button"
          type="button"
        >
          <i
            className="fas fa-expand"
          />
        </button>
        <div
          className="fps-control"
        >
          <label
            htmlFor="fps-control__input"
          >
            <span />
            <span>
              FPS
            </span>
            <input
              className="fps-control__input"
              id="fps-control__input"
              max="24"
              min="1"
              name="volume"
              step="1"
              type="range"
            />
          </label>
        </div>
        <form
          className="canvas-size-controls"
          name="canvas-size-controls"
        >
          <label
            htmlFor="canvas-32"
          >
            32
            <input
              defaultChecked={true}
              id="canvas-32"
              name="radio"
              onChange={[Function]}
              type="radio"
              value="32"
            />
          </label>
          <label
            htmlFor="canvas-64"
          >
            64
            <input
              id="canvas-64"
              name="radio"
              onChange={[Function]}
              type="radio"
              value="64"
            />
          </label>
          <label
            htmlFor="canvas-128"
          >
            128
            <input
              id="canvas-128"
              name="radio"
              onChange={[Function]}
              type="radio"
              value="128"
            />
          </label>
        </form>
      </div>
    </section>
  </main>,
]
`;
