// Jest Snapshot v1, https://goo.gl/fbAQLP

exports[`renders correctly 1`] = `
<section
  className="tools-section"
>
  <h2
    className="visually-hidden"
  >
    Tools Section
  </h2>
  <div
    className="tools"
  />
</section>
`;
