// Jest Snapshot v1, https://goo.gl/fbAQLP

exports[`renders correctly 1`] = `
<div
  className="fps-control"
>
  <label
    htmlFor="fps-control__input"
  >
    <span
      className="fps-control__label"
    >
      FPS: 
      NaN
    </span>
    <input
      className="fps-control__input"
      defaultValue="12"
      id="fps-control__input"
      max="24"
      min="1"
      name="volume"
      onInput={[Function]}
      step="1"
      type="range"
    />
  </label>
</div>
`;
