// Jest Snapshot v1, https://goo.gl/fbAQLP

exports[`renders correctly 1`] = `
<div
  className="shortcuts-modal__row"
  data-action=""
  onClick={[Function]}
  role="presentation"
>
  <div
    className="shortcuts-modal__tool shortcuts-modal__tool_active"
    data-action=""
  >
    <i
      className=""
    />
    <span>
      
    </span>
    <span>
      -
    </span>
    <span
      className="shortcuts-modal__shortcut"
    >
      <span
        className="shortcuts-modal__prefix"
      >
         + 
      </span>
      
    </span>
  </div>
</div>
`;
